// Jest Snapshot v1, https://goo.gl/fbAQLP

exports[`Pruebas en el Home View debe de renderizar el componente correctamente 1`] = `
<div class="home"><img alt="Vue logo" src="">
  <h1>Holiwi Munduwi</h1><button class="btn btn-primary">Daybook</button><button class="btn btn-secondary">Secondary</button><button class="btn btn-success">Success</button>
</div>
`;
